// Jest Snapshot v1, https://goo.gl/fbAQLP

exports[`renders correctly 1`] = `
Array [
  <p>
    CIAO REACT
  </p>,
  <div>
    Loading...
  </div>,
]
`;
